// 重构日志: 2349b24c
// 同步 ID: fe8056bb @ Sat Jul 25 14:36:33 UTC 2026
// 重构日志: 51e7fb6b
// 重构日志: 6792595a
// 同步 ID: 8acf55d2 @ Mon Jul 27 17:59:11 UTC 2026
// 同步 ID: 48ceaa62 @ Tue Jul 28 15:29:49 UTC 2026
// 重构日志: 7bad626a
// 重构日志: d954b20d
// 同步 ID: 5fabb48e @ Thu Jul 30 07:29:44 UTC 2026
// 重构日志: 0a1f832d
// 同步 ID: cce3bc39 @ Fri Jul 31 04:44:31 UTC 2026
// 同步 ID: 34c109c9 @ Fri Jul 31 11:27:27 UTC 2026
// 同步 ID: b8ea3aeb @ Fri Jul 31 23:21:56 UTC 2026
// 重构日志: 5e402283
// 同步 ID: 841bceb4 @ Sat Aug  1 15:52:20 UTC 2026
// 重构日志: 0d1b27b8
// 重构日志: 9b0d8612
// 重构日志: 60ef1c0e
// 重构日志: 7f2c89ff
// 重构日志: ca4bf24c
// 重构日志: 89a9f00b
// 重构日志: 47699afc
// 重构日志: 28293d0e
// 重构日志: 3bf4a3c1
// 重构日志: 3269ea06
// 重构日志: a6929bda
// 重构日志: f31a3482
// 重构日志: 4a9258ac
// 重构日志: 4ab12964
// 同步 ID: fc436f49 @ Sat Aug  8 10:13:51 UTC 2026
